Archive member included to satisfy reference by file (symbol)

/Applications/Ac6/SystemWorkbench.app/Contents/Eclipse/plugins/fr.ac6.mcu.externaltools.arm-none.macos64_1.17.0.201812190825/tools/compiler/bin/../lib/gcc/arm-none-eabi/7.3.1/thumb/v6-m/libgcc.a(_udivsi3.o)
                              StdPeriph_Driver/src/stm32f0xx_rcc.o (__aeabi_uidiv)
/Applications/Ac6/SystemWorkbench.app/Contents/Eclipse/plugins/fr.ac6.mcu.externaltools.arm-none.macos64_1.17.0.201812190825/tools/compiler/bin/../lib/gcc/arm-none-eabi/7.3.1/thumb/v6-m/libgcc.a(_dvmd_tls.o)
                              /Applications/Ac6/SystemWorkbench.app/Contents/Eclipse/plugins/fr.ac6.mcu.externaltools.arm-none.macos64_1.17.0.201812190825/tools/compiler/bin/../lib/gcc/arm-none-eabi/7.3.1/thumb/v6-m/libgcc.a(_udivsi3.o) (__aeabi_idiv0)
/Applications/Ac6/SystemWorkbench.app/Contents/Eclipse/plugins/fr.ac6.mcu.externaltools.arm-none.macos64_1.17.0.201812190825/tools/compiler/bin/../lib/gcc/arm-none-eabi/7.3.1/../../../../arm-none-eabi/lib/thumb/v6-m/libc.a(lib_a-errno.o)
                              src/syscalls.o (__errno)
/Applications/Ac6/SystemWorkbench.app/Contents/Eclipse/plugins/fr.ac6.mcu.externaltools.arm-none.macos64_1.17.0.201812190825/tools/compiler/bin/../lib/gcc/arm-none-eabi/7.3.1/../../../../arm-none-eabi/lib/thumb/v6-m/libc.a(lib_a-exit.o)
                              /Applications/Ac6/SystemWorkbench.app/Contents/Eclipse/plugins/fr.ac6.mcu.externaltools.arm-none.macos64_1.17.0.201812190825/tools/compiler/bin/../lib/gcc/arm-none-eabi/7.3.1/../../../../arm-none-eabi/lib/thumb/v6-m/crt0.o (exit)
/Applications/Ac6/SystemWorkbench.app/Contents/Eclipse/plugins/fr.ac6.mcu.externaltools.arm-none.macos64_1.17.0.201812190825/tools/compiler/bin/../lib/gcc/arm-none-eabi/7.3.1/../../../../arm-none-eabi/lib/thumb/v6-m/libc.a(lib_a-impure.o)
                              /Applications/Ac6/SystemWorkbench.app/Contents/Eclipse/plugins/fr.ac6.mcu.externaltools.arm-none.macos64_1.17.0.201812190825/tools/compiler/bin/../lib/gcc/arm-none-eabi/7.3.1/../../../../arm-none-eabi/lib/thumb/v6-m/libc.a(lib_a-exit.o) (_global_impure_ptr)
/Applications/Ac6/SystemWorkbench.app/Contents/Eclipse/plugins/fr.ac6.mcu.externaltools.arm-none.macos64_1.17.0.201812190825/tools/compiler/bin/../lib/gcc/arm-none-eabi/7.3.1/../../../../arm-none-eabi/lib/thumb/v6-m/libc.a(lib_a-init.o)
                              /Applications/Ac6/SystemWorkbench.app/Contents/Eclipse/plugins/fr.ac6.mcu.externaltools.arm-none.macos64_1.17.0.201812190825/tools/compiler/bin/../lib/gcc/arm-none-eabi/7.3.1/../../../../arm-none-eabi/lib/thumb/v6-m/crt0.o (__libc_init_array)
/Applications/Ac6/SystemWorkbench.app/Contents/Eclipse/plugins/fr.ac6.mcu.externaltools.arm-none.macos64_1.17.0.201812190825/tools/compiler/bin/../lib/gcc/arm-none-eabi/7.3.1/../../../../arm-none-eabi/lib/thumb/v6-m/libc.a(lib_a-memset.o)
                              /Applications/Ac6/SystemWorkbench.app/Contents/Eclipse/plugins/fr.ac6.mcu.externaltools.arm-none.macos64_1.17.0.201812190825/tools/compiler/bin/../lib/gcc/arm-none-eabi/7.3.1/../../../../arm-none-eabi/lib/thumb/v6-m/crt0.o (memset)
/Applications/Ac6/SystemWorkbench.app/Contents/Eclipse/plugins/fr.ac6.mcu.externaltools.arm-none.macos64_1.17.0.201812190825/tools/compiler/bin/../lib/gcc/arm-none-eabi/7.3.1/../../../../arm-none-eabi/lib/thumb/v6-m/libc.a(lib_a-__call_atexit.o)
                              /Applications/Ac6/SystemWorkbench.app/Contents/Eclipse/plugins/fr.ac6.mcu.externaltools.arm-none.macos64_1.17.0.201812190825/tools/compiler/bin/../lib/gcc/arm-none-eabi/7.3.1/../../../../arm-none-eabi/lib/thumb/v6-m/libc.a(lib_a-exit.o) (__call_exitprocs)
/Applications/Ac6/SystemWorkbench.app/Contents/Eclipse/plugins/fr.ac6.mcu.externaltools.arm-none.macos64_1.17.0.201812190825/tools/compiler/bin/../lib/gcc/arm-none-eabi/7.3.1/../../../../arm-none-eabi/lib/thumb/v6-m/libc.a(lib_a-atexit.o)
                              /Applications/Ac6/SystemWorkbench.app/Contents/Eclipse/plugins/fr.ac6.mcu.externaltools.arm-none.macos64_1.17.0.201812190825/tools/compiler/bin/../lib/gcc/arm-none-eabi/7.3.1/../../../../arm-none-eabi/lib/thumb/v6-m/libc.a(lib_a-__call_atexit.o) (atexit)
/Applications/Ac6/SystemWorkbench.app/Contents/Eclipse/plugins/fr.ac6.mcu.externaltools.arm-none.macos64_1.17.0.201812190825/tools/compiler/bin/../lib/gcc/arm-none-eabi/7.3.1/../../../../arm-none-eabi/lib/thumb/v6-m/libc.a(lib_a-fini.o)
                              /Applications/Ac6/SystemWorkbench.app/Contents/Eclipse/plugins/fr.ac6.mcu.externaltools.arm-none.macos64_1.17.0.201812190825/tools/compiler/bin/../lib/gcc/arm-none-eabi/7.3.1/../../../../arm-none-eabi/lib/thumb/v6-m/libc.a(lib_a-__call_atexit.o) (__libc_fini_array)
/Applications/Ac6/SystemWorkbench.app/Contents/Eclipse/plugins/fr.ac6.mcu.externaltools.arm-none.macos64_1.17.0.201812190825/tools/compiler/bin/../lib/gcc/arm-none-eabi/7.3.1/../../../../arm-none-eabi/lib/thumb/v6-m/libc.a(lib_a-lock.o)
[...]
Memory Configuration

Name             Origin             Length             Attributes
FLASH            0x0000000008000000 0x0000000000010000 xr
RAM              0x0000000020000000 0x0000000000002000 xrw
*default*        0x0000000000000000 0xffffffffffffffff

Linker script and memory map

LOAD /Applications/Ac6/SystemWorkbench.app/Contents/Eclipse/plugins/fr.ac6.mcu.externaltools.arm-none.macos64_1.17.0.201812190825/tools/compiler/bin/../lib/gcc/arm-none-eabi/7.3.1/thumb/v6-m/crti.o
LOAD /Applications/Ac6/SystemWorkbench.app/Contents/Eclipse/plugins/fr.ac6.mcu.externaltools.arm-none.macos64_1.17.0.201812190825/tools/compiler/bin/../lib/gcc/arm-none-eabi/7.3.1/thumb/v6-m/crtbegin.o
LOAD /Applications/Ac6/SystemWorkbench.app/Contents/Eclipse/plugins/fr.ac6.mcu.externaltools.arm-none.macos64_1.17.0.201812190825/tools/compiler/bin/../lib/gcc/arm-none-eabi/7.3.1/../../../../arm-none-eabi/lib/thumb/v6-m/crt0.o
LOAD StdPeriph_Driver/src/stm32f0xx_adc.o
LOAD StdPeriph_Driver/src/stm32f0xx_cec.o
LOAD StdPeriph_Driver/src/stm32f0xx_comp.o
LOAD StdPeriph_Driver/src/stm32f0xx_crc.o
LOAD StdPeriph_Driver/src/stm32f0xx_dac.o
LOAD StdPeriph_Driver/src/stm32f0xx_dbgmcu.o
LOAD StdPeriph_Driver/src/stm32f0xx_dma.o
LOAD StdPeriph_Driver/src/stm32f0xx_exti.o
LOAD StdPeriph_Driver/src/stm32f0xx_flash.o
LOAD StdPeriph_Driver/src/stm32f0xx_gpio.o
LOAD StdPeriph_Driver/src/stm32f0xx_i2c.o
LOAD StdPeriph_Driver/src/stm32f0xx_iwdg.o
LOAD StdPeriph_Driver/src/stm32f0xx_misc.o
LOAD StdPeriph_Driver/src/stm32f0xx_pwr.o
LOAD StdPeriph_Driver/src/stm32f0xx_rcc.o
LOAD StdPeriph_Driver/src/stm32f0xx_rtc.o
LOAD StdPeriph_Driver/src/stm32f0xx_spi.o
LOAD StdPeriph_Driver/src/stm32f0xx_syscfg.o
LOAD StdPeriph_Driver/src/stm32f0xx_tim.o
LOAD StdPeriph_Driver/src/stm32f0xx_usart.o
LOAD StdPeriph_Driver/src/stm32f0xx_wwdg.o
LOAD Utilities/stm32f0_discovery.o
LOAD src/KS0108-STM32.o
LOAD src/KS0108.o
LOAD src/graphic.o
LOAD src/main.o
LOAD src/micro_wait.o
LOAD src/syscalls.o
LOAD src/system_stm32f0xx.o
LOAD startup/startup_stm32f0xx.o
LOAD /Applications/Ac6/SystemWorkbench.app/Contents/Eclipse/plugins/fr.ac6.mcu.externaltools.arm-none.macos64_1.17.0.201812190825/tools/compiler/bin/../lib/gcc/arm-none-eabi/7.3.1/../../../../arm-none-eabi/lib/thumb/v6-m/libm.a
START GROUP
LOAD /Applications/Ac6/SystemWorkbench.app/Contents/Eclipse/plugins/fr.ac6.mcu.externaltools.arm-none.macos64_1.17.0.201812190825/tools/compiler/bin/../lib/gcc/arm-none-eabi/7.3.1/thumb/v6-m/libgcc.a
LOAD /Applications/Ac6/SystemWorkbench.app/Contents/Eclipse/plugins/fr.ac6.mcu.externaltools.arm-none.macos64_1.17.0.201812190825/tools/compiler/bin/../lib/gcc/arm-none-eabi/7.3.1/../../../../arm-none-eabi/lib/thumb/v6-m/libc.a
END GROUP
LOAD /Applications/Ac6/SystemWorkbench.app/Contents/Eclipse/plugins/fr.ac6.mcu.externaltools.arm-none.macos64_1.17.0.201812190825/tools/compiler/bin/../lib/gcc/arm-none-eabi/7.3.1/thumb/v6-m/crtend.o
LOAD /Applications/Ac6/SystemWorkbench.app/Contents/Eclipse/plugins/fr.ac6.mcu.externaltools.arm-none.macos64_1.17.0.201812190825/tools/compiler/bin/../lib/gcc/arm-none-eabi/7.3.1/thumb/v6-m/crtn.o
                0x0000000020002000                _estack = 0x20002000
                0x0000000000000000                _Min_Heap_Size = 0x0
                0x0000000000000080                _Min_Stack_Size = 0x80

.isr_vector     0x0000000008000000       0xc4
                0x0000000008000000                . = ALIGN (0x4)
 *(.isr_vector)
 .isr_vector    0x0000000008000000       0xc4 startup/startup_stm32f0xx.o
                0x0000000008000000                g_pfnVectors
                0x00000000080000c4                . = ALIGN (0x4)

.text           0x00000000080000c4     0x1148
                0x00000000080000c4                . = ALIGN (0x4)
 *(.text)
 .text          0x00000000080000c4       0x48 /Applications/Ac6/SystemWorkbench.app/Contents/Eclipse/plugins/fr.ac6.mcu.externaltools.arm-none.macos64_1.17.0.201812190825/tools/compiler/bin/../lib/gcc/arm-none-eabi/7.3.1/thumb/v6-m/crtbegin.o
 .text          0x000000000800010c       0x12 src/micro_wait.o
                0x000000000800010c                micro_wait
 *(.text*)
 .text.GPIO_Init
                0x000000000800011e      0x126 StdPeriph_Driver/src/stm32f0xx_gpio.o
                0x000000000800011e                GPIO_Init
 .text.GPIO_StructInit
                0x0000000008000244       0x34 StdPeriph_Driver/src/stm32f0xx_gpio.o
                0x0000000008000244                GPIO_StructInit
 .text.GPIO_ReadInputData
                0x0000000008000278       0x16 StdPeriph_Driver/src/stm32f0xx_gpio.o
                0x0000000008000278                GPIO_ReadInputData
 .text.GPIO_SetBits
                0x000000000800028e       0x1e StdPeriph_Driver/src/stm32f0xx_gpio.o
                0x000000000800028e                GPIO_SetBits
 .text.GPIO_ResetBits
                0x00000000080002ac       0x1e StdPeriph_Driver/src/stm32f0xx_gpio.o
                0x00000000080002ac                GPIO_ResetBits
 .text.GPIO_Write
                0x00000000080002ca       0x1e StdPeriph_Driver/src/stm32f0xx_gpio.o
                0x00000000080002ca                GPIO_Write
 .text.RCC_AHBPeriphClockCmd
                0x00000000080002e8       0x40 StdPeriph_Driver/src/stm32f0xx_rcc.o
                0x00000000080002e8                RCC_AHBPeriphClockCmd
 .text.GLCD_Delay
                0x0000000008000328       0x12 src/KS0108-STM32.o
                0x0000000008000328                GLCD_Delay
 .text.GLCD_EnableController
                0x000000000800033a       0x5c src/KS0108-STM32.o
                0x000000000800033a                GLCD_EnableController
 .text.GLCD_DisableController
                0x0000000008000396       0x5c src/KS0108-STM32.o
                0x0000000008000396                GLCD_DisableController
 *fill*         0x00000000080003f2        0x2 
 .text.GLCD_ReadStatus
                0x00000000080003f4       0xb4 src/KS0108-STM32.o
                0x00000000080003f4                GLCD_ReadStatus
 .text.GLCD_WriteCommand
                0x00000000080004a8       0xe0 src/KS0108-STM32.o
                0x00000000080004a8                GLCD_WriteCommand
 .text.GLCD_WriteData
                0x0000000008000588      0x10c src/KS0108-STM32.o
                0x0000000008000588                GLCD_WriteData
 .text.GLCD_InitalizePorts
                0x0000000008000694       0x60 src/KS0108-STM32.o
                0x0000000008000694                GLCD_InitalizePorts
 .text.GLCD_Initalize
                0x00000000080006f4       0x38 src/KS0108.o
                0x00000000080006f4                GLCD_Initalize
 .text.GLCD_GoTo
                0x000000000800072c       0xc0 src/KS0108.o
                0x000000000800072c                GLCD_GoTo
 .text.GLCD_ClearScreen
                0x00000000080007ec       0x56 src/KS0108.o
                0x00000000080007ec                GLCD_ClearScreen
 *fill*         0x0000000008000842        0x2 
 .text.on       0x0000000008000844       0x48 src/main.o
                0x0000000008000844                on
 .text.pixel_to_screen
                0x000000000800088c      0x198 src/main.o
                0x000000000800088c                pixel_to_screen
 .text.setup_gpio
                0x0000000008000a24      0x1f4 src/main.o
                0x0000000008000a24                setup_gpio
 .text.init_keypad
                0x0000000008000c18       0xdc src/main.o
                0x0000000008000c18                init_keypad
 .text.setup_timer6
                0x0000000008000cf4       0x5c src/main.o
                0x0000000008000cf4                setup_timer6
 .text.TIM6_DAC_IRQHandler
                0x0000000008000d50      0x144 src/main.o
                0x0000000008000d50                TIM6_DAC_IRQHandler
 .text.init_hardware
                0x0000000008000e94       0x1e src/main.o
                0x0000000008000e94                init_hardware
 .text.main     0x0000000008000eb2       0x28 src/main.o
                0x0000000008000eb2                main
 *fill*         0x0000000008000eda        0x2 
 .text.SystemInit
                0x0000000008000edc       0x8c src/system_stm32f0xx.o
                0x0000000008000edc                SystemInit
 .text.SetSysClock
                0x0000000008000f68       0x94 src/system_stm32f0xx.o
 .text.Reset_Handler
                0x0000000008000ffc       0x50 startup/startup_stm32f0xx.o
                0x0000000008000ffc                Reset_Handler
 .text.Default_Handler
                0x000000000800104c        0x2 startup/startup_stm32f0xx.o
                0x000000000800104c                TIM1_BRK_UP_TRG_COM_IRQHandler
                0x000000000800104c                HardFault_Handler
                0x000000000800104c                ADC1_COMP_IRQHandler
                0x000000000800104c                SysTick_Handler
                0x000000000800104c                PVD_IRQHandler
                0x000000000800104c                PendSV_Handler
                0x000000000800104c                NMI_Handler
                0x000000000800104c                I2C1_IRQHandler
                0x000000000800104c                SPI1_IRQHandler
                0x000000000800104c                EXTI2_3_IRQHandler
                0x000000000800104c                I2C2_IRQHandler
                0x000000000800104c                TIM17_IRQHandler
                0x000000000800104c                RTC_IRQHandler
                0x000000000800104c                TIM16_IRQHandler
                0x000000000800104c                TIM3_IRQHandler
                0x000000000800104c                EXTI4_15_IRQHandler
                0x000000000800104c                RCC_IRQHandler
                0x000000000800104c                DMA1_Channel1_IRQHandler
                0x000000000800104c                Default_Handler
                0x000000000800104c                CEC_IRQHandler
                0x000000000800104c                TIM14_IRQHandler
                0x000000000800104c                DMA1_Channel4_5_IRQHandler
                0x000000000800104c                TIM15_IRQHandler
                0x000000000800104c                EXTI0_1_IRQHandler
                0x000000000800104c                SPI2_IRQHandler
                0x000000000800104c                SVC_Handler
                0x000000000800104c                TS_IRQHandler
                0x000000000800104c                WWDG_IRQHandler
                0x000000000800104c                TIM2_IRQHandler
                0x000000000800104c                DMA1_Channel2_3_IRQHandler
                0x000000000800104c                USART2_IRQHandler
                0x000000000800104c                FLASH_IRQHandler
                0x000000000800104c                USART1_IRQHandler
                0x000000000800104c                TIM1_CC_IRQHandler
 *fill*         0x000000000800104e        0x2 
 .text.__libc_init_array
                0x0000000008001050       0x48 /Applications/Ac6/SystemWorkbench.app/Contents/Eclipse/plugins/fr.ac6.mcu.externaltools.arm-none.macos64_1.17.0.201812190825/tools/compiler/bin/../lib/gcc/arm-none-eabi/7.3.1/../../../../arm-none-eabi/lib/thumb/v6-m/libc.a(lib_a-init.o)
                0x0000000008001050                __libc_init_array
 .text.startup.register_fini
                0x0000000008001098       0x18 /Applications/Ac6/SystemWorkbench.app/Contents/Eclipse/plugins/fr.ac6.mcu.externaltools.arm-none.macos64_1.17.0.201812190825/tools/compiler/bin/../lib/gcc/arm-none-eabi/7.3.1/../../../../arm-none-eabi/lib/thumb/v6-m/libc.a(lib_a-__call_atexit.o)
 .text.atexit   0x00000000080010b0       0x10 /Applications/Ac6/SystemWorkbench.app/Contents/Eclipse/plugins/fr.ac6.mcu.externaltools.arm-none.macos64_1.17.0.201812190825/tools/compiler/bin/../lib/gcc/arm-none-eabi/7.3.1/../../../../arm-none-eabi/lib/thumb/v6-m/libc.a(lib_a-atexit.o)
                0x00000000080010b0                atexit
 .text.__libc_fini_array
                0x00000000080010c0       0x34 /Applications/Ac6/SystemWorkbench.app/Contents/Eclipse/plugins/fr.ac6.mcu.externaltools.arm-none.macos64_1.17.0.201812190825/tools/compiler/bin/../lib/gcc/arm-none-eabi/7.3.1/../../../../arm-none-eabi/lib/thumb/v6-m/libc.a(lib_a-fini.o)
                0x00000000080010c0                __libc_fini_array
 .text.__retarget_lock_acquire_recursive
                0x00000000080010f4        0x4 /Applications/Ac6/SystemWorkbench.app/Contents/Eclipse/plugins/fr.ac6.mcu.externaltools.arm-none.macos64_1.17.0.201812190825/tools/compiler/bin/../lib/gcc/arm-none-eabi/7.3.1/../../../../arm-none-eabi/lib/thumb/v6-m/libc.a(lib_a-lock.o)
                0x00000000080010f4                __retarget_lock_acquire_recursive
 .text.__retarget_lock_release_recursive
                0x00000000080010f8        0x4 /Applications/Ac6/SystemWorkbench.app/Contents/Eclipse/plugins/fr.ac6.mcu.externaltools.arm-none.macos64_1.17.0.201812190825/tools/compiler/bin/../lib/gcc/arm-none-eabi/7.3.1/../../../../arm-none-eabi/lib/thumb/v6-m/libc.a(lib_a-lock.o)
                0x00000000080010f8                __retarget_lock_release_recursive
 .text.__register_exitproc
                0x00000000080010fc       0xf4 /Applications/Ac6/SystemWorkbench.app/Contents/Eclipse/plugins/fr.ac6.mcu.externaltools.arm-none.macos64_1.17.0.201812190825/tools/compiler/bin/../lib/gcc/arm-none-eabi/7.3.1/../../../../arm-none-eabi/lib/thumb/v6-m/libc.a(lib_a-__atexit.o)
                0x00000000080010fc                __register_exitproc
 *(.rodata)
 *(.rodata*)
 .rodata._global_impure_ptr
                0x00000000080011f0        0x4 /Applications/Ac6/SystemWorkbench.app/Contents/Eclipse/plugins/fr.ac6.mcu.externaltools.arm-none.macos64_1.17.0.201812190825/tools/compiler/bin/../lib/gcc/arm-none-eabi/7.3.1/../../../../arm-none-eabi/lib/thumb/v6-m/libc.a(lib_a-impure.o)
                0x00000000080011f0                _global_impure_ptr
 *(.glue_7)
 .glue_7        0x00000000080011f4        0x0 linker stubs
 *(.glue_7t)
 .glue_7t       0x00000000080011f4        0x0 linker stubs
 *(.eh_frame)
 .eh_frame      0x00000000080011f4        0x0 /Applications/Ac6/SystemWorkbench.app/Contents/Eclipse/plugins/fr.ac6.mcu.externaltools.arm-none.macos64_1.17.0.201812190825/tools/compiler/bin/../lib/gcc/arm-none-eabi/7.3.1/thumb/v6-m/crtbegin.o
 *(.init)
 .init          0x00000000080011f4        0x4 /Applications/Ac6/SystemWorkbench.app/Contents/Eclipse/plugins/fr.ac6.mcu.externaltools.arm-none.macos64_1.17.0.201812190825/tools/compiler/bin/../lib/gcc/arm-none-eabi/7.3.1/thumb/v6-m/crti.o
                0x00000000080011f4                _init
 .init          0x00000000080011f8        0x8 /Applications/Ac6/SystemWorkbench.app/Contents/Eclipse/plugins/fr.ac6.mcu.externaltools.arm-none.macos64_1.17.0.201812190825/tools/compiler/bin/../lib/gcc/arm-none-eabi/7.3.1/thumb/v6-m/crtn.o
 *(.fini)
 .fini          0x0000000008001200        0x4 /Applications/Ac6/SystemWorkbench.app/Contents/Eclipse/plugins/fr.ac6.mcu.externaltools.arm-none.macos64_1.17.0.201812190825/tools/compiler/bin/../lib/gcc/arm-none-eabi/7.3.1/thumb/v6-m/crti.o
                0x0000000008001200                _fini
 .fini          0x0000000008001204        0x8 /Applications/Ac6/SystemWorkbench.app/Contents/Eclipse/plugins/fr.ac6.mcu.externaltools.arm-none.macos64_1.17.0.201812190825/tools/compiler/bin/../lib/gcc/arm-none-eabi/7.3.1/thumb/v6-m/crtn.o
                0x000000000800120c                . = ALIGN (0x4)
                0x000000000800120c                _etext = .

.vfp11_veneer   0x000000000800120c        0x0
 .vfp11_veneer  0x000000000800120c        0x0 linker stubs

.v4_bx          0x000000000800120c        0x0
 .v4_bx         0x000000000800120c        0x0 linker stubs

.iplt           0x000000000800120c        0x0
 .iplt          0x000000000800120c        0x0 /Applications/Ac6/SystemWorkbench.app/Contents/Eclipse/plugins/fr.ac6.mcu.externaltools.arm-none.macos64_1.17.0.201812190825/tools/compiler/bin/../lib/gcc/arm-none-eabi/7.3.1/thumb/v6-m/crtbegin.o

.rel.dyn        0x000000000800120c        0x0
 .rel.iplt      0x000000000800120c        0x0 /Applications/Ac6/SystemWorkbench.app/Contents/Eclipse/plugins/fr.ac6.mcu.externaltools.arm-none.macos64_1.17.0.201812190825/tools/compiler/bin/../lib/gcc/arm-none-eabi/7.3.1/thumb/v6-m/crtbegin.o

.ARM.extab
 *(.ARM.extab* .gnu.linkonce.armextab.*)

.ARM            0x000000000800120c        0x0
                0x000000000800120c                __exidx_start = .
 *(.ARM.exidx*)
                0x000000000800120c                __exidx_end = .

.preinit_array  0x000000000800120c        0x0
                0x000000000800120c                PROVIDE (__preinit_array_start = .)
 *(.preinit_array*)
                0x000000000800120c                PROVIDE (__preinit_array_end = .)

.init_array     0x000000000800120c        0x8
                0x000000000800120c                PROVIDE (__init_array_start = .)
 *(SORT_BY_NAME(.init_array.*))
 .init_array.00000
                0x000000000800120c        0x4 /Applications/Ac6/SystemWorkbench.app/Contents/Eclipse/plugins/fr.ac6.mcu.externaltools.arm-none.macos64_1.17.0.201812190825/tools/compiler/bin/../lib/gcc/arm-none-eabi/7.3.1/../../../../arm-none-eabi/lib/thumb/v6-m/libc.a(lib_a-__call_atexit.o)
 *(.init_array*)
 .init_array    0x0000000008001210        0x4 /Applications/Ac6/SystemWorkbench.app/Contents/Eclipse/plugins/fr.ac6.mcu.externaltools.arm-none.macos64_1.17.0.201812190825/tools/compiler/bin/../lib/gcc/arm-none-eabi/7.3.1/thumb/v6-m/crtbegin.o
                0x0000000008001214                PROVIDE (__init_array_end = .)

.fini_array     0x0000000008001214        0x4
                0x0000000008001214                PROVIDE (__fini_array_start = .)
 *(SORT_BY_NAME(.fini_array.*))
 *(.fini_array*)
 .fini_array    0x0000000008001214        0x4 /Applications/Ac6/SystemWorkbench.app/Contents/Eclipse/plugins/fr.ac6.mcu.externaltools.arm-none.macos64_1.17.0.201812190825/tools/compiler/bin/../lib/gcc/arm-none-eabi/7.3.1/thumb/v6-m/crtbegin.o
                0x0000000008001218                PROVIDE (__fini_array_end = .)
                0x0000000008001218                _sidata = LOADADDR (.data)

.data           0x0000000020000000      0x42c load address 0x0000000008001218
                0x0000000020000000                . = ALIGN (0x4)
                0x0000000020000000                _sdata = .
 *(.data)
 *(.data*)
 .data.impure_data
                0x0000000020000000      0x428 /Applications/Ac6/SystemWorkbench.app/Contents/Eclipse/plugins/fr.ac6.mcu.externaltools.arm-none.macos64_1.17.0.201812190825/tools/compiler/bin/../lib/gcc/arm-none-eabi/7.3.1/../../../../arm-none-eabi/lib/thumb/v6-m/libc.a(lib_a-impure.o)
 .data.__atexit_recursive_mutex
                0x0000000020000428        0x4 /Applications/Ac6/SystemWorkbench.app/Contents/Eclipse/plugins/fr.ac6.mcu.externaltools.arm-none.macos64_1.17.0.201812190825/tools/compiler/bin/../lib/gcc/arm-none-eabi/7.3.1/../../../../arm-none-eabi/lib/thumb/v6-m/libc.a(lib_a-__call_atexit.o)
                0x0000000020000428                __atexit_recursive_mutex
                0x000000002000042c                . = ALIGN (0x4)
                0x000000002000042c                _edata = .

.igot.plt       0x000000002000042c        0x0 load address 0x0000000008001644
 .igot.plt      0x000000002000042c        0x0 /Applications/Ac6/SystemWorkbench.app/Contents/Eclipse/plugins/fr.ac6.mcu.externaltools.arm-none.macos64_1.17.0.201812190825/tools/compiler/bin/../lib/gcc/arm-none-eabi/7.3.1/thumb/v6-m/crtbegin.o
                0x000000002000042c                . = ALIGN (0x4)

.bss            0x000000002000042c      0x460 load address 0x0000000008001644
                0x000000002000042c                _sbss = .
                0x000000002000042c                __bss_start__ = _sbss
 *(.bss)
 .bss           0x000000002000042c       0x1c /Applications/Ac6/SystemWorkbench.app/Contents/Eclipse/plugins/fr.ac6.mcu.externaltools.arm-none.macos64_1.17.0.201812190825/tools/compiler/bin/../lib/gcc/arm-none-eabi/7.3.1/thumb/v6-m/crtbegin.o
 .bss           0x0000000020000448        0x2 src/KS0108.o
                0x0000000020000448                screen_x
                0x0000000020000449                screen_y
 *fill*         0x000000002000044a        0x2 
 .bss           0x000000002000044c      0x414 src/main.o
                0x000000002000044c                col
                0x0000000020000450                history
                0x0000000020000460                screen
 *(.bss*)
 *(COMMON)
 COMMON         0x0000000020000860        0x8 src/KS0108-STM32.o
                0x0000000020000860                GPIO_InitStructure
 COMMON         0x0000000020000868       0x21 /Applications/Ac6/SystemWorkbench.app/Contents/Eclipse/plugins/fr.ac6.mcu.externaltools.arm-none.macos64_1.17.0.201812190825/tools/compiler/bin/../lib/gcc/arm-none-eabi/7.3.1/../../../../arm-none-eabi/lib/thumb/v6-m/libc.a(lib_a-lock.o)
                0x0000000020000868                __lock___atexit_recursive_mutex
                0x000000002000086c                __lock___arc4random_mutex
                0x0000000020000870                __lock___env_recursive_mutex
                0x0000000020000874                __lock___sinit_recursive_mutex
                0x0000000020000878                __lock___malloc_recursive_mutex
                0x000000002000087c                __lock___at_quick_exit_mutex
                0x0000000020000880                __lock___dd_hash_mutex
                0x0000000020000884                __lock___tz_mutex
                0x0000000020000888                __lock___sfp_recursive_mutex
                0x000000002000088c                . = ALIGN (0x4)
 *fill*         0x0000000020000889        0x3 
                0x000000002000088c                _ebss = .
                0x000000002000088c                __bss_end__ = _ebss

._user_heap_stack
                0x000000002000088c       0x84 load address 0x0000000008001644
                0x0000000020000890                . = ALIGN (0x8)
 *fill*         0x000000002000088c        0x4 
                0x0000000020000890                PROVIDE (end = .)
                [!provide]                        PROVIDE (_end = .)
                0x0000000020000890                . = (. + _Min_Heap_Size)
                0x0000000020000910                . = (. + _Min_Stack_Size)
 *fill*         0x0000000020000890       0x80 
                0x0000000020000910                . = ALIGN (0x8)

.ARM.attributes
                0x0000000000000000       0x28
 *(.ARM.attributes)
 .ARM.attributes
                0x0000000000000000       0x1e /Applications/Ac6/SystemWorkbench.app/Contents/Eclipse/plugins/fr.ac6.mcu.externaltools.arm-none.macos64_1.17.0.201812190825/tools/compiler/bin/../lib/gcc/arm-none-eabi/7.3.1/thumb/v6-m/crti.o
 .ARM.attributes
                0x000000000000001e       0x2c /Applications/Ac6/SystemWorkbench.app/Contents/Eclipse/plugins/fr.ac6.mcu.externaltools.arm-none.macos64_1.17.0.201812190825/tools/compiler/bin/../lib/gcc/arm-none-eabi/7.3.1/thumb/v6-m/crtbegin.o
 .ARM.attributes
                0x000000000000004a       0x31 StdPeriph_Driver/src/stm32f0xx_gpio.o
 .ARM.attributes
                0x000000000000007b       0x31 StdPeriph_Driver/src/stm32f0xx_rcc.o
 .ARM.attributes
                0x00000000000000ac       0x31 src/KS0108-STM32.o
 .ARM.attributes
                0x00000000000000dd       0x31 src/KS0108.o
 .ARM.attributes
                0x000000000000010e       0x31 src/main.o
 .ARM.attributes
                0x000000000000013f       0x21 src/micro_wait.o
 .ARM.attributes
                0x0000000000000160       0x31 src/system_stm32f0xx.o
 .ARM.attributes
                0x0000000000000191       0x21 startup/startup_stm32f0xx.o
 .ARM.attributes
                0x00000000000001b2       0x2c /Applications/Ac6/SystemWorkbench.app/Contents/Eclipse/plugins/fr.ac6.mcu.externaltools.arm-none.macos64_1.17.0.201812190825/tools/compiler/bin/../lib/gcc/arm-none-eabi/7.3.1/../../../../arm-none-eabi/lib/thumb/v6-m/libc.a(lib_a-impure.o)
 .ARM.attributes
                0x00000000000001de       0x2c /Applications/Ac6/SystemWorkbench.app/Contents/Eclipse/plugins/fr.ac6.mcu.externaltools.arm-none.macos64_1.17.0.201812190825/tools/compiler/bin/../lib/gcc/arm-none-eabi/7.3.1/../../../../arm-none-eabi/lib/thumb/v6-m/libc.a(lib_a-init.o)
 .ARM.attributes
                0x000000000000020a       0x2c /Applications/Ac6/SystemWorkbench.app/Contents/Eclipse/plugins/fr.ac6.mcu.externaltools.arm-none.macos64_1.17.0.201812190825/tools/compiler/bin/../lib/gcc/arm-none-eabi/7.3.1/../../../../arm-none-eabi/lib/thumb/v6-m/libc.a(lib_a-__call_atexit.o)
 .ARM.attributes
                0x0000000000000236       0x2c /Applications/Ac6/SystemWorkbench.app/Contents/Eclipse/plugins/fr.ac6.mcu.externaltools.arm-none.macos64_1.17.0.201812190825/tools/compiler/bin/../lib/gcc/arm-none-eabi/7.3.1/../../../../arm-none-eabi/lib/thumb/v6-m/libc.a(lib_a-atexit.o)
 .ARM.attributes
                0x0000000000000262       0x2c /Applications/Ac6/SystemWorkbench.app/Contents/Eclipse/plugins/fr.ac6.mcu.externaltools.arm-none.macos64_1.17.0.201812190825/tools/compiler/bin/../lib/gcc/arm-none-eabi/7.3.1/../../../../arm-none-eabi/lib/thumb/v6-m/libc.a(lib_a-fini.o)
 .ARM.attributes
                0x000000000000028e       0x2c /Applications/Ac6/SystemWorkbench.app/Contents/Eclipse/plugins/fr.ac6.mcu.externaltools.arm-none.macos64_1.17.0.201812190825/tools/compiler/bin/../lib/gcc/arm-none-eabi/7.3.1/../../../../arm-none-eabi/lib/thumb/v6-m/libc.a(lib_a-lock.o)
 .ARM.attributes
                0x00000000000002ba       0x2c /Applications/Ac6/SystemWorkbench.app/Contents/Eclipse/plugins/fr.ac6.mcu.externaltools.arm-none.macos64_1.17.0.201812190825/tools/compiler/bin/../lib/gcc/arm-none-eabi/7.3.1/../../../../arm-none-eabi/lib/thumb/v6-m/libc.a(lib_a-__atexit.o)
 .ARM.attributes
                0x00000000000002e6       0x1e /Applications/Ac6/SystemWorkbench.app/Contents/Eclipse/plugins/fr.ac6.mcu.externaltools.arm-none.macos64_1.17.0.201812190825/tools/compiler/bin/../lib/gcc/arm-none-eabi/7.3.1/thumb/v6-m/crtn.o
OUTPUT(miniProj.elf elf32-littlearm)

.debug_info     0x0000000000000000     0x225a
 .debug_info    0x0000000000000000      0x5f8 StdPeriph_Driver/src/stm32f0xx_gpio.o
 .debug_info    0x00000000000005f8      0x9b8 StdPeriph_Driver/src/stm32f0xx_rcc.o
 .debug_info    0x0000000000000fb0      0x422 src/KS0108-STM32.o
 .debug_info    0x00000000000013d2      0x22c src/KS0108.o
 .debug_info    0x00000000000015fe      0x93f src/main.o
 .debug_info    0x0000000000001f3d       0x26 src/micro_wait.o
 .debug_info    0x0000000000001f63      0x2d5 src/system_stm32f0xx.o
 .debug_info    0x0000000000002238       0x22 startup/startup_stm32f0xx.o

.debug_abbrev   0x0000000000000000      0x9d7
 .debug_abbrev  0x0000000000000000      0x18e StdPeriph_Driver/src/stm32f0xx_gpio.o
 .debug_abbrev  0x000000000000018e      0x206 StdPeriph_Driver/src/stm32f0xx_rcc.o
 .debug_abbrev  0x0000000000000394      0x1aa src/KS0108-STM32.o
 .debug_abbrev  0x000000000000053e       0xce src/KS0108.o
 .debug_abbrev  0x000000000000060c      0x26d src/main.o
 .debug_abbrev  0x0000000000000879       0x14 src/micro_wait.o
 .debug_abbrev  0x000000000000088d      0x138 src/system_stm32f0xx.o
 .debug_abbrev  0x00000000000009c5       0x12 startup/startup_stm32f0xx.o

.debug_aranges  0x0000000000000000      0x378
 .debug_aranges
                0x0000000000000000       0x80 StdPeriph_Driver/src/stm32f0xx_gpio.o
 .debug_aranges
                0x0000000000000080      0x150 StdPeriph_Driver/src/stm32f0xx_rcc.o
 .debug_aranges
                0x00000000000001d0       0x60 src/KS0108-STM32.o
 .debug_aranges
                0x0000000000000230       0x50 src/KS0108.o
 .debug_aranges
                0x0000000000000280       0x80 src/main.o
 .debug_aranges
                0x0000000000000300       0x20 src/micro_wait.o
 .debug_aranges
                0x0000000000000320       0x30 src/system_stm32f0xx.o
 .debug_aranges
                0x0000000000000350       0x28 startup/startup_stm32f0xx.o

.debug_ranges   0x0000000000000000      0x2f0
 .debug_ranges  0x0000000000000000       0x70 StdPeriph_Driver/src/stm32f0xx_gpio.o
 .debug_ranges  0x0000000000000070      0x140 StdPeriph_Driver/src/stm32f0xx_rcc.o
 .debug_ranges  0x00000000000001b0       0x50 src/KS0108-STM32.o
 .debug_ranges  0x0000000000000200       0x40 src/KS0108.o
 .debug_ranges  0x0000000000000240       0x70 src/main.o
 .debug_ranges  0x00000000000002b0       0x20 src/system_stm32f0xx.o
 .debug_ranges  0x00000000000002d0       0x20 startup/startup_stm32f0xx.o

.debug_macro    0x0000000000000000      0xe86
 .debug_macro   0x0000000000000000      0x17c StdPeriph_Driver/src/stm32f0xx_gpio.o
 .debug_macro   0x000000000000017c      0x17f StdPeriph_Driver/src/stm32f0xx_gpio.o
 .debug_macro   0x00000000000002fb      0x196 StdPeriph_Driver/src/stm32f0xx_rcc.o
 .debug_macro   0x0000000000000491      0x446 StdPeriph_Driver/src/stm32f0xx_rcc.o
 .debug_macro   0x00000000000008d7      0x1ad src/KS0108-STM32.o
 .debug_macro   0x0000000000000a84       0x64 src/KS0108-STM32.o
 .debug_macro   0x0000000000000ae8       0x1e src/KS0108.o
 .debug_macro   0x0000000000000b06       0x3a src/KS0108.o
 .debug_macro   0x0000000000000b40      0x1d2 src/main.o
 .debug_macro   0x0000000000000d12      0x174 src/system_stm32f0xx.o

.debug_line     0x0000000000000000     0x28e4
 .debug_line    0x0000000000000000      0x766 StdPeriph_Driver/src/stm32f0xx_gpio.o
 .debug_line    0x0000000000000766      0x996 StdPeriph_Driver/src/stm32f0xx_rcc.o
 .debug_line    0x00000000000010fc      0x763 src/KS0108-STM32.o
 .debug_line    0x000000000000185f      0x14d src/KS0108.o
 .debug_line    0x00000000000019ac      0x7f7 src/main.o
 .debug_line    0x00000000000021a3       0x49 src/micro_wait.o
 .debug_line    0x00000000000021ec      0x677 src/system_stm32f0xx.o
 .debug_line    0x0000000000002863       0x81 startup/startup_stm32f0xx.o

.debug_str      0x0000000000000000    0x2ce4b
 .debug_str     0x0000000000000000    0x2bd96 StdPeriph_Driver/src/stm32f0xx_gpio.o
                                      0x2bf44 (size before relaxing)
 .debug_str     0x000000000002bd96      0x619 StdPeriph_Driver/src/stm32f0xx_rcc.o
                                      0x2c29b (size before relaxing)
 .debug_str     0x000000000002c3af      0x383 src/KS0108-STM32.o
                                      0x2c140 (size before relaxing)
 .debug_str     0x000000000002c732      0x12f src/KS0108.o
                                       0x2dd1 (size before relaxing)
 .debug_str     0x000000000002c861      0x52e src/main.o
                                      0x2c47f (size before relaxing)
 .debug_str     0x000000000002cd8f       0x22 src/micro_wait.o
                                         0x5e (size before relaxing)
 .debug_str     0x000000000002cdb1       0x7b src/system_stm32f0xx.o
                                      0x2bd24 (size before relaxing)
 .debug_str     0x000000000002ce2c       0x1f startup/startup_stm32f0xx.o
                                         0x69 (size before relaxing)

.comment        0x0000000000000000       0x7f
 .comment       0x0000000000000000       0x7f StdPeriph_Driver/src/stm32f0xx_gpio.o
                                         0x80 (size before relaxing)
 .comment       0x000000000000007f       0x80 StdPeriph_Driver/src/stm32f0xx_rcc.o
 .comment       0x000000000000007f       0x80 src/KS0108-STM32.o
 .comment       0x000000000000007f       0x80 src/KS0108.o
 .comment       0x000000000000007f       0x80 src/main.o
 .comment       0x000000000000007f       0x80 src/system_stm32f0xx.o

.debug_frame    0x0000000000000000      0xc7c
 .debug_frame   0x0000000000000000      0x1b0 StdPeriph_Driver/src/stm32f0xx_gpio.o
 .debug_frame   0x00000000000001b0      0x4e4 StdPeriph_Driver/src/stm32f0xx_rcc.o
 .debug_frame   0x0000000000000694      0x128 src/KS0108-STM32.o
 .debug_frame   0x00000000000007bc       0xf4 src/KS0108.o
 .debug_frame   0x00000000000008b0      0x1a0 src/main.o
 .debug_frame   0x0000000000000a50       0x6c src/system_stm32f0xx.o
 .debug_frame   0x0000000000000abc       0x2c /Applications/Ac6/SystemWorkbench.app/Contents/Eclipse/plugins/fr.ac6.mcu.externaltools.arm-none.macos64_1.17.0.201812190825/tools/compiler/bin/../lib/gcc/arm-none-eabi/7.3.1/../../../../arm-none-eabi/lib/thumb/v6-m/libc.a(lib_a-init.o)
 .debug_frame   0x0000000000000ae8       0x54 /Applications/Ac6/SystemWorkbench.app/Contents/Eclipse/plugins/fr.ac6.mcu.externaltools.arm-none.macos64_1.17.0.201812190825/tools/compiler/bin/../lib/gcc/arm-none-eabi/7.3.1/../../../../arm-none-eabi/lib/thumb/v6-m/libc.a(lib_a-__call_atexit.o)
 .debug_frame   0x0000000000000b3c       0x28 /Applications/Ac6/SystemWorkbench.app/Contents/Eclipse/plugins/fr.ac6.mcu.externaltools.arm-none.macos64_1.17.0.201812190825/tools/compiler/bin/../lib/gcc/arm-none-eabi/7.3.1/../../../../arm-none-eabi/lib/thumb/v6-m/libc.a(lib_a-atexit.o)
 .debug_frame   0x0000000000000b64       0x2c /Applications/Ac6/SystemWorkbench.app/Contents/Eclipse/plugins/fr.ac6.mcu.externaltools.arm-none.macos64_1.17.0.201812190825/tools/compiler/bin/../lib/gcc/arm-none-eabi/7.3.1/../../../../arm-none-eabi/lib/thumb/v6-m/libc.a(lib_a-fini.o)
 .debug_frame   0x0000000000000b90       0xb0 /Applications/Ac6/SystemWorkbench.app/Contents/Eclipse/plugins/fr.ac6.mcu.externaltools.arm-none.macos64_1.17.0.201812190825/tools/compiler/bin/../lib/gcc/arm-none-eabi/7.3.1/../../../../arm-none-eabi/lib/thumb/v6-m/libc.a(lib_a-lock.o)
 .debug_frame   0x0000000000000c40       0x3c /Applications/Ac6/SystemWorkbench.app/Contents/Eclipse/plugins/fr.ac6.mcu.externaltools.arm-none.macos64_1.17.0.201812190825/tools/compiler/bin/../lib/gcc/arm-none-eabi/7.3.1/../../../../arm-none-eabi/lib/thumb/v6-m/libc.a(lib_a-__atexit.o)
